=== SuperBoot 启动序列 ===
[RECOVERY] 检测到 Recovery 模式标志，进入恢复模式
[OK] boot 分区存在
[OK] 发现内核: openfuture-kernel.img
[OK] 内核签名验证 (模拟)
加载内核镜像: openfuture-kernel.img
挂载 rootfs: E:\Desktop\OpenFuture\rootfs
启动恢复服务: [recovery, logger]
=== SuperBoot 启动完成 ===

=== SuperBoot 启动序列 ===
[RECOVERY] 检测到 Recovery 模式标志，进入恢复模式
[OK] boot 分区存在
[OK] 发现内核: openfuture-kernel.img
[OK] 内核签名验证 (模拟)
加载内核镜像: openfuture-kernel.img
挂载 rootfs: E:\Desktop\OpenFuture\rootfs
启动恢复服务: [recovery, logger]
=== SuperBoot 启动完成 ===

=== SuperBoot 启动序列 ===
[RECOVERY] 检测到 Recovery 模式标志，进入恢复模式
[OK] boot 分区存在
[OK] 发现内核: openfuture-kernel.img
[OK] 内核签名验证 (模拟)
加载内核镜像: openfuture-kernel.img
挂载 rootfs: E:\Desktop\OpenFuture\rootfs
启动恢复服务: [recovery, logger]
=== SuperBoot 启动完成 ===